// Jest Snapshot v1, https://goo.gl/fbAQLP

exports[`Board contains 9 squares 1`] = `
<div
  className="board-wrapper"
>
  <div
    className="game-board"
  >
    <Square
      key="0"
      onClick={[Function]}
      value="X"
      winSquare={false}
    />
    <Square
      key="1"
      onClick={[Function]}
      value="X"
      winSquare={true}
    />
    <Square
      key="2"
      onClick={[Function]}
      value="X"
      winSquare={true}
    />
    <Square
      key="3"
      onClick={[Function]}
      value="X"
      winSquare={true}
    />
    <Square
      key="4"
      onClick={[Function]}
      value="X"
      winSquare={false}
    />
    <Square
      key="5"
      onClick={[Function]}
      value="X"
      winSquare={false}
    />
    <Square
      key="6"
      onClick={[Function]}
      value="X"
      winSquare={false}
    />
    <Square
      key="7"
      onClick={[Function]}
      value="X"
      winSquare={false}
    />
    <Square
      key="8"
      onClick={[Function]}
      value="X"
      winSquare={false}
    />
  </div>
</div>
`;
